
[Radar]
Orientation=0
Range=3
Heading=true

[Own Ship]
Course=127
Speed=8.0

[Opponent B]
Time(0)=1110
SideBearing(0)=true
RaSP(0)=30
CourseSP(0)=127
RaKrP(0)=157
Distance(0)=6.0
Time(1)=1120
SideBearing(1)=true
RaSP(1)=30
CourseSP(1)=126
RaKrP(1)=156
Distance(1)=4.0

[Opponent C]
Time(0)=1110
SideBearing(0)=true
RaSP(0)=90
CourseSP(0)=127
RaKrP(0)=217
Distance(0)=5.5
Time(1)=1120
SideBearing(1)=true
RaSP(1)=89
CourseSP(1)=126
RaKrP(1)=215
Distance(1)=4.0

[Opponent D]
Time(0)=0
SideBearing(0)=true
RaSP(0)=0
CourseSP(0)=127
RaKrP(0)=127
Distance(0)=0.0
Time(1)=0
SideBearing(1)=true
RaSP(1)=0
CourseSP(1)=127
RaKrP(1)=127
Distance(1)=0.0

[Opponent E]
Time(0)=0
SideBearing(0)=true
RaSP(0)=0
CourseSP(0)=0
RaKrP(0)=0
Distance(0)=0.0
Time(1)=0
SideBearing(1)=true
RaSP(1)=0
CourseSP(1)=0
RaKrP(1)=0
Distance(1)=0.0

[Opponent F]
Time(0)=0
SideBearing(0)=true
RaSP(0)=0
CourseSP(0)=0
RaKrP(0)=0
Distance(0)=0.0
Time(1)=0
SideBearing(1)=true
RaSP(1)=0
CourseSP(1)=0
RaKrP(1)=0
Distance(1)=0.0

[Maneuver]
Target=1
ByTime=false
Time=1123
Distance=3.5
Type=0
ByCPA=true
CPA=2.0
Course=228.6
Speed=8.0
